(program
 (define fib (void))
 (define cache (void))
 (set-global! cache (dict (0 0) (1 1)))
 (set-global!
  fib
  (lambda (n)
    (call/ec
     (lambda (return)
       (let ()
         (cond
          ((in? n (get-global cache))
           (let ()
             (return
              (let ((e17 (get-global cache)))
                (let ((i16 n))
                  (cond
                   ((py-list? e17) (py-list-ref e17 i16))
                   ((tuple? e17) (tuple-ref e17 i16))
                   ((dict? e17) (dict-ref e17 i16))
                   (else (error "cannot index object")))))))))
         (let ((b19 (get-global cache)))
           (let ((i18 n))
             (cond
              ((tuple? b19)
               (tuple-set!
                b19
                i18
                (+ ((get-global fib) (- n 1)) ((get-global fib) (- n 2)))))
              ((py-list? b19)
               (py-list-set!
                b19
                i18
                (+ ((get-global fib) (- n 1)) ((get-global fib) (- n 2)))))
              ((dict? b19)
               (dict-set!
                b19
                i18
                (+ ((get-global fib) (- n 1)) ((get-global fib) (- n 2))))))))
         (return
          (let ((e21 (get-global cache)))
            (let ((i20 n))
              (cond
               ((py-list? e21) (py-list-ref e21 i20))
               ((tuple? e21) (tuple-ref e21 i20))
               ((dict? e21) (dict-ref e21 i20))
               (else (error "cannot index object")))))))))))
 (py-print ((get-global fib) 25)))
