(program
 (define a (void))
 (set-global! a (dict (1 2) (3 4)))
 (py-print
  (let ((e17 (get-global a)))
    (let ((i16 1))
      (cond
       ((py-list? e17) (py-list-ref e17 i16))
       ((tuple? e17) (tuple-ref e17 i16))
       ((dict? e17) (dict-ref e17 i16))
       (else (error "cannot index object"))))))
 (py-print
  (let ((e19 (get-global a)))
    (let ((i18 3))
      (cond
       ((py-list? e19) (py-list-ref e19 i18))
       ((tuple? e19) (tuple-ref e19 i18))
       ((dict? e19) (dict-ref e19 i18))
       (else (error "cannot index object")))))))
