(ID "time")
(PUNCT "=")
(LIT 1)
(NEWLINE)
(ID "noon")
(PUNCT "=")
(LIT 12)
(NEWLINE)
(KEYWORD class)
(ID "Person")
(PUNCT ":")
(NEWLINE)
(INDENT)
(KEYWORD def)
(ID "Sleep")
(PUNCT "(")
(ID "self")
(PUNCT ")")
(PUNCT ":")
(NEWLINE)
(INDENT)
(KEYWORD return)
(LIT "ZZZ...")
(NEWLINE)
(DEDENT)
(KEYWORD def)
(ID "WakeUp")
(PUNCT "(")
(ID "self")
(PUNCT ")")
(PUNCT ":")
(NEWLINE)
(INDENT)
(ID "self")
(PUNCT ".")
(ID "mood")
(PUNCT "=")
(LIT 1)
(PUNCT "+")
(LIT 3)
(NEWLINE)
(KEYWORD if)
(ID "time")
(PUNCT ">")
(ID "noon")
(PUNCT ":")
(NEWLINE)
(INDENT)
(KEYWORD return)
(KEYWORD True)
(NEWLINE)
(DEDENT)
(KEYWORD else)
(PUNCT ":")
(NEWLINE)
(INDENT)
(KEYWORD return)
(KEYWORD False)
(NEWLINE)
(DEDENT)
(DEDENT)
(DEDENT)
(ENDMARKER)
